Project: REPLACED_PROJECT_PATH/invalid

Errors:
  No such file or directory invalid

  Try adding a config-file to configure how c3x should run. See https://c3x.dev/config-file for details and examples.

 OVERALL TOTAL       $0.00 

*Usage costs can be estimated by updating c3x Cloud settings, see docs for other options.

──────────────────────────────────
No cloud resources were detected

┏━━━━━━━━━━━━━━━━━━━━━━━━━━━━━━━━━━━━━━━━━━━━━━━━━━━━┳━━━━━━━━━━━━━━━┳━━━━━━━━━━━━━┳━━━━━━━━━━━━┓
┃ Project                                            ┃ Baseline cost ┃ Usage cost* ┃ Total cost ┃
┣━━━━━━━━━━━━━━━━━━━━━━━━━━━━━━━━━━━━━━━━━━━━━━━━━━━━╋━━━━━━━━━━━━━━━╋━━━━━━━━━━━━━╋━━━━━━━━━━━━┫
┃ c3x/c3x/cmd/c3x/invalid          ┃         $0.00 ┃           - ┃      $0.00 ┃
┗━━━━━━━━━━━━━━━━━━━━━━━━━━━━━━━━━━━━━━━━━━━━━━━━━━━━┻━━━━━━━━━━━━━━━┻━━━━━━━━━━━━━┻━━━━━━━━━━━━┛

Err:


Logs:
ERROR Could not autodetect any projects from path invalid
