Project: REPLACED_PROJECT_PATH/testdata/breakdown_invalid_apikey

Errors:
  could not detect path type for 'REPLACED_PROJECT_PATH/testdata/breakdown_invalid_apikey'

  Try adding a config-file to configure how C3X should run. See https://c3x.dev/config-file for details and examples.

 OVERALL TOTAL       $0.00 

*Usage costs can be estimated by updating C3X Cloud settings, see docs for other options.

──────────────────────────────────
No cloud resources were detected

┏━━━━━━━━━━━━━━━━━━━━━━━━━━━━━━━━━━━━━━━━━━━━━━━━━━━━━━┳━━━━━━━━━━━━━━━┳━━━━━━━━━━━━━┳━━━━━━━━━━━━┓
┃ Project                                              ┃ Baseline cost ┃ Usage cost* ┃ Total cost ┃
┣━━━━━━━━━━━━━━━━━━━━━━━━━━━━━━━━━━━━━━━━━━━━━━━━━━━━━━╋━━━━━━━━━━━━━━━╋━━━━━━━━━━━━━╋━━━━━━━━━━━━┫
┃ REPLACED_PROJECT_PATH/testdata/breakdown_invalid_apikey ┃         $0.00 ┃           - ┃      $0.00 ┃
┗━━━━━━━━━━━━━━━━━━━━━━━━━━━━━━━━━━━━━━━━━━━━━━━━━━━━━━┻━━━━━━━━━━━━━━━┻━━━━━━━━━━━━━┻━━━━━━━━━━━━┛

Err:


Logs:
ERROR [1mCould not autodetect any projects from path REPLACED_PROJECT_PATH/testdata/breakdown_invalid_apikey[0m
