
 Name                                                Monthly Qty  Unit   Monthly Cost    
                                                                                         
 azurerm_automation_dsc_configuration.fiveNodes                                          
 └─ Non-azure config nodes                                     5  nodes     not found  * 
                                                                                         
 azurerm_automation_account.example                                                      
 ├─ Job run time                                     not found                           
 ├─ Non-azure config nodes                           not found                           
 └─ Watchers                                         not found                           
                                                                                         
 azurerm_automation_dsc_configuration.without_usage                                      
 └─ Non-azure config nodes                           not found                           
                                                                                         
 OVERALL TOTAL                                                                  $0.00 

*Usage costs can be estimated by updating C3X Cloud settings, see docs for other options.

──────────────────────────────────
5 cloud resources were detected:
∙ 4 were estimated
∙ 1 was free

┏━━━━━━━━━━━━━━━━━━━━━━━━━━━━━━━━━━━━━━━━━━━━━━━━━━━━┳━━━━━━━━━━━━━━━┳━━━━━━━━━━━━━┳━━━━━━━━━━━━┓
┃ Project                                            ┃ Baseline cost ┃ Usage cost* ┃ Total cost ┃
┣━━━━━━━━━━━━━━━━━━━━━━━━━━━━━━━━━━━━━━━━━━━━━━━━━━━━╋━━━━━━━━━━━━━━━╋━━━━━━━━━━━━━╋━━━━━━━━━━━━┫
┃ main                                               ┃         $0.00 ┃           - ┃      $0.00 ┃
┗━━━━━━━━━━━━━━━━━━━━━━━━━━━━━━━━━━━━━━━━━━━━━━━━━━━━┻━━━━━━━━━━━━━━━┻━━━━━━━━━━━━━┻━━━━━━━━━━━━┛