
 Name                             Monthly Qty  Unit          Monthly Cost    
                                                                             
 azurerm_data_factory.with_usage                                             
 ├─ Read/Write operations                   2  50k entities     not found  * 
 └─ Monitoring operations                 0.5  50k entities     not found  * 
                                                                             
 azurerm_data_factory.example                                                
 ├─ Read/Write operations         not found                                  
 └─ Monitoring operations         not found                                  
                                                                             
 OVERALL TOTAL                                                      $0.00 

*Usage costs can be estimated by updating C3X Cloud settings, see docs for other options.

──────────────────────────────────
3 cloud resources were detected:
∙ 2 were estimated
∙ 1 was free

┏━━━━━━━━━━━━━━━━━━━━━━━━━━━━━━━━━━━━━━━━━━━━━━━━━━━━┳━━━━━━━━━━━━━━━┳━━━━━━━━━━━━━┳━━━━━━━━━━━━┓
┃ Project                                            ┃ Baseline cost ┃ Usage cost* ┃ Total cost ┃
┣━━━━━━━━━━━━━━━━━━━━━━━━━━━━━━━━━━━━━━━━━━━━━━━━━━━━╋━━━━━━━━━━━━━━━╋━━━━━━━━━━━━━╋━━━━━━━━━━━━┫
┃ main                                               ┃         $0.00 ┃           - ┃      $0.00 ┃
┗━━━━━━━━━━━━━━━━━━━━━━━━━━━━━━━━━━━━━━━━━━━━━━━━━━━━┻━━━━━━━━━━━━━━━┻━━━━━━━━━━━━━┻━━━━━━━━━━━━┛