
 Name                                       Monthly Qty  Unit            Monthly Cost   
                                                                                        
 azurerm_hdinsight_spark_cluster.example                                                
 ├─ Head node (Standard_G2)                       1,460  hours              $2,154.96   
 ├─ Worker node (Standard_G2)                     2,190  hours              $3,232.44   
 └─ Zookeeper node (Standard_G2)                  2,190  hours              $3,232.44   
                                                                                        
 azurerm_storage_account.example                                                        
 └─ Early deletion                        Monthly cost depends on usage: $0.01 per GB   
                                                                                        
 OVERALL TOTAL                                                             $8,619.84 

*Usage costs can be estimated by updating C3X Cloud settings, see docs for other options.

──────────────────────────────────
4 cloud resources were detected:
∙ 2 were estimated
∙ 2 were free

┏━━━━━━━━━━━━━━━━━━━━━━━━━━━━━━━━━━━━━━━━━━━━━━━━━━━━┳━━━━━━━━━━━━━━━┳━━━━━━━━━━━━━┳━━━━━━━━━━━━┓
┃ Project                                            ┃ Baseline cost ┃ Usage cost* ┃ Total cost ┃
┣━━━━━━━━━━━━━━━━━━━━━━━━━━━━━━━━━━━━━━━━━━━━━━━━━━━━╋━━━━━━━━━━━━━━━╋━━━━━━━━━━━━━╋━━━━━━━━━━━━┫
┃ main                                               ┃        $8,620 ┃           - ┃     $8,620 ┃
┗━━━━━━━━━━━━━━━━━━━━━━━━━━━━━━━━━━━━━━━━━━━━━━━━━━━━┻━━━━━━━━━━━━━━━┻━━━━━━━━━━━━━┻━━━━━━━━━━━━┛