
<h4>💰 C3X report</h4>
<h4>Monthly estimate decreased by $2,242 📉</h4>
<table>
  <thead>
    <td>Changed project</td>
    <td><span title="Baseline costs are consistent charges for provisioned resources, like the hourly cost for a virtual machine, which stays constant no matter how much it is used. C3X estimates these resources assuming they are used for the whole month (730 hours).">Baseline cost</span></td>
    <td><span title="Usage costs are charges based on actual usage, like the storage cost for an object storage bucket. C3X estimates these resources using the monthly usage values in the usage-file.">Usage cost</span>*</td>
    <td>Total change</td>
    <td>New monthly cost</td>
  </thead>
  <tbody>
    <tr>
      <td>my first project</td>
      <td align="right">-$561</td>
      <td align="right">-</td>
      <td align="right">-$561 (-43%)</td>
      <td align="right">$743</td>
    </tr>
    <tr>
      <td>my first project again</td>
      <td align="right">-$561</td>
      <td align="right">-</td>
      <td align="right">-$561 (-43%)</td>
      <td align="right">$743</td>
    </tr>
    <tr>
      <td>my terragrunt dev project</td>
      <td align="right">+$0.88</td>
      <td align="right">-</td>
      <td align="right">+$0.88 (+2%)</td>
      <td align="right">$52</td>
    </tr>
    <tr>
      <td>my terragrunt prod project</td>
      <td align="right">-$561</td>
      <td align="right">-</td>
      <td align="right">-$561 (-43%)</td>
      <td align="right">$748</td>
    </tr>
    <tr>
      <td>my workspace project</td>
      <td align="right">-$561</td>
      <td align="right">-</td>
      <td align="right">-$561 (-43%)</td>
      <td align="right">$743</td>
    </tr>
  </tbody>
</table>


*Usage costs can be estimated by updating [C3X Cloud settings](https://www.c3x.dev/docs/features/usage_based_resources), see [docs](https://www.c3x.dev/docs/features/usage_based_resources/#c3x-usageyml) for other options.
<details>

<summary>Estimate details </summary>

```
Key: * usage cost, ~ changed, + added, - removed

──────────────────────────────────
Project: my first project

~ aws_instance.app_server
  -$561 ($1,303 → $743)

    ~ Instance usage (Linux/UNIX, on-demand, m5.8xlarge → m5.4xlarge)
      -$561 ($1,121 → $561)

Monthly cost change for my first project
Amount:  -$561 ($1,303 → $743)
Percent: -43%

──────────────────────────────────
Project: my first project again

~ aws_instance.app_server
  -$561 ($1,303 → $743)

    ~ Instance usage (Linux/UNIX, on-demand, m5.8xlarge → m5.4xlarge)
      -$561 ($1,121 → $561)

Monthly cost change for my first project again
Amount:  -$561 ($1,303 → $743)
Percent: -43%

──────────────────────────────────
Project: my terragrunt dev project

~ aws_instance.app_server
  +$0.88 ($51 → $52)

    ~ Instance usage (Linux/UNIX, on-demand, t3.micro → t2.micro)
      +$0.88 ($8 → $8)

Monthly cost change for my terragrunt dev project
Amount:  +$0.88 ($51 → $52)
Percent: +2%

──────────────────────────────────
Project: my terragrunt prod project

~ aws_instance.app_server
  -$561 ($1,308 → $748)

    ~ Instance usage (Linux/UNIX, on-demand, m5.8xlarge → m5.4xlarge)
      -$561 ($1,121 → $561)

Monthly cost change for my terragrunt prod project
Amount:  -$561 ($1,308 → $748)
Percent: -43%

──────────────────────────────────
Project: my workspace project
Workspace: ws1

~ aws_instance.app_server
  -$561 ($1,303 → $743)

    ~ Instance usage (Linux/UNIX, on-demand, m5.8xlarge → m5.4xlarge)
      -$561 ($1,121 → $561)

Monthly cost change for my workspace project (Workspace: ws1)
Amount:  -$561 ($1,303 → $743)
Percent: -43%

──────────────────────────────────
Key: * usage cost, ~ changed, + added, - removed

*Usage costs can be estimated by updating C3X Cloud settings, see docs for other options.

10 cloud resources were detected:
∙ 10 were estimated

C3X estimate: Monthly estimate decreased by $2,242 ↓
┏━━━━━━━━━━━━━━━━━━━━━━━━━━━━━━━━━━━━━━━━━━━━━━━━━━━━┳━━━━━━━━━━━━━━━┳━━━━━━━━━━━━━┳━━━━━━━━━━━━━━┓
┃ Changed project                                    ┃ Baseline cost ┃ Usage cost* ┃ Total change ┃
┣━━━━━━━━━━━━━━━━━━━━━━━━━━━━━━━━━━━━━━━━━━━━━━━━━━━━╋━━━━━━━━━━━━━━━╋━━━━━━━━━━━━━╋━━━━━━━━━━━━━━┫
┃ my first project                                   ┃         -$561 ┃           - ┃ -$561 (-43%) ┃
┃ my first project again                             ┃         -$561 ┃           - ┃ -$561 (-43%) ┃
┃ my terragrunt dev project                          ┃        +$0.88 ┃           - ┃ +$0.88 (+2%) ┃
┃ my terragrunt prod project                         ┃         -$561 ┃           - ┃ -$561 (-43%) ┃
┃ my workspace project                               ┃         -$561 ┃           - ┃ -$561 (-43%) ┃
┗━━━━━━━━━━━━━━━━━━━━━━━━━━━━━━━━━━━━━━━━━━━━━━━━━━━━┻━━━━━━━━━━━━━━━┻━━━━━━━━━━━━━┻━━━━━━━━━━━━━━┛
```
</details>

