
 Name                                                                     Monthly Qty  Unit          Monthly Cost    
                                                                                                                     
 google_secret_manager_secret_version.secret_version                                                                 
 ├─ Active secret versions                                                          2  versions         not found    
 └─ Access operations                                                     not found                                  
                                                                                                                     
 google_secret_manager_secret_version.secret_version_replicas_with_usage                                             
 ├─ Active secret versions                                                          2  versions         not found    
 └─ Access operations                                                             0.2  10K requests     not found  * 
                                                                                                                     
 google_secret_manager_secret_version.secret_version_with_usage                                                      
 ├─ Active secret versions                                                          1  versions         not found    
 └─ Access operations                                                             2.5  10K requests     not found  * 
                                                                                                                     
 google_secret_manager_secret.secret_automatic                                                                       
 ├─ Active secret versions                                                not found                                  
 ├─ Access operations                                                     not found                                  
 └─ Rotation notifications                                                not found                                  
                                                                                                                     
 google_secret_manager_secret.secret_example                                                                         
 ├─ Active secret versions                                                not found                                  
 ├─ Access operations                                                     not found                                  
 └─ Rotation notifications                                                not found                                  
                                                                                                                     
 OVERALL TOTAL                                                                                              $0.00 

*Usage costs can be estimated by updating C3X Cloud settings, see docs for other options.

──────────────────────────────────
5 cloud resources were detected:
∙ 5 were estimated

┏━━━━━━━━━━━━━━━━━━━━━━━━━━━━━━━━━━━━━━━━━━━━━━━━━━━━┳━━━━━━━━━━━━━━━┳━━━━━━━━━━━━━┳━━━━━━━━━━━━┓
┃ Project                                            ┃ Baseline cost ┃ Usage cost* ┃ Total cost ┃
┣━━━━━━━━━━━━━━━━━━━━━━━━━━━━━━━━━━━━━━━━━━━━━━━━━━━━╋━━━━━━━━━━━━━━━╋━━━━━━━━━━━━━╋━━━━━━━━━━━━┫
┃ main                                               ┃         $0.00 ┃           - ┃      $0.00 ┃
┗━━━━━━━━━━━━━━━━━━━━━━━━━━━━━━━━━━━━━━━━━━━━━━━━━━━━┻━━━━━━━━━━━━━━━┻━━━━━━━━━━━━━┻━━━━━━━━━━━━┛