
💰 c3x estimate: **monthly cost will not change**
<table>
  <thead>
    <td>Project</td>
    <td>Previous</td>
    <td>New</td>
    <td>Diff</td>
  </thead>
  <tbody>
    <tr>
      <td>c3x/c3x/cmd/infraco...aform_v0.14_nochange_plan.json</td>
      <td align="right">$40.56</td>
      <td align="right">$40.56</td>
      <td>$0</td>
    </tr>
  </tbody>
</table>

<details>
<summary><strong>c3x output</strong></summary>

```
──────────────────────────────────

The following projects have no cost estimate changes: c3x/c3x/cmd/c3x/testdata/terraform_v0.14_nochange_plan.json
Run c3x breakdown to see their full breakdown.

──────────────────────────────────

```
</details>

