Authenticate the CLI with your C3X account

USAGE
  c3x auth login [flags]

EXAMPLES
  Get a free API key, or log in to your existing account:

      c3x auth login

      You can also log in at https://dashboard.c3x.dev

  Manually set the API key that your CLI should use. The API key can be retrieved from your account:

      c3x configure set api_key MY_API_KEY

FLAGS
  -h, --help   help for login

GLOBAL FLAGS
      --debug-report       Generate a debug report file which can be sent to C3X team
      --log-level string   Log level (trace, debug, info, warn, error, fatal)
      --no-color           Turn off colored output
