
 Name                                                     Monthly Qty  Unit          Monthly Cost    
                                                                                                     
 google_secret_manager_secret.secret_replicas_with_usage                                             
 ├─ Active secret versions                                      3,000  versions         not found  * 
 ├─ Access operations                                             0.2  10K requests     not found  * 
 └─ Rotation notifications                                         10  rotations        not found  * 
                                                                                                     
 google_secret_manager_secret.secret_with_usage                                                      
 ├─ Active secret versions                                     10,000  versions         not found  * 
 ├─ Access operations                                               2  10K requests     not found  * 
 └─ Rotation notifications                                        100  rotations        not found  * 
                                                                                                     
 google_secret_manager_secret.secret_example                                                         
 ├─ Active secret versions                                not found                                  
 ├─ Access operations                                     not found                                  
 └─ Rotation notifications                                not found                                  
                                                                                                     
 OVERALL TOTAL                                                                              $0.00 

*Usage costs can be estimated by updating C3X Cloud settings, see docs for other options.

──────────────────────────────────
3 cloud resources were detected:
∙ 3 were estimated

┏━━━━━━━━━━━━━━━━━━━━━━━━━━━━━━━━━━━━━━━━━━━━━━━━━━━━┳━━━━━━━━━━━━━━━┳━━━━━━━━━━━━━┳━━━━━━━━━━━━┓
┃ Project                                            ┃ Baseline cost ┃ Usage cost* ┃ Total cost ┃
┣━━━━━━━━━━━━━━━━━━━━━━━━━━━━━━━━━━━━━━━━━━━━━━━━━━━━╋━━━━━━━━━━━━━━━╋━━━━━━━━━━━━━╋━━━━━━━━━━━━┫
┃ main                                               ┃         $0.00 ┃           - ┃      $0.00 ┃
┗━━━━━━━━━━━━━━━━━━━━━━━━━━━━━━━━━━━━━━━━━━━━━━━━━━━━┻━━━━━━━━━━━━━━━┻━━━━━━━━━━━━━┻━━━━━━━━━━━━┛