Comment posted to GitHub

Logs:
INFO [1mFinding matching comments for tag c3x-comment[0m
INFO [1mFound 1 matching comment[0m
INFO [1mHiding 1 comment[0m
INFO [1mHiding comment [0m
WARN [1mSkipNoDiff option is not supported for new comments[0m
INFO [1mCreating new comment[0m
INFO [1mCreated new comment: [0m
