
 Name                                                    Monthly Qty  Unit          Monthly Cost    
                                                                                                    
 azurerm_app_configuration.base["standard.replicas.0"]                                              
 ├─ Instance                                                      30  days             not found    
 └─ Requests (over 200k/day per replica)                 not found                                  
                                                                                                    
 azurerm_app_configuration.base["standard.replicas.1"]                                              
 ├─ Instance (1 replica)                                          30  days             not found    
 └─ Requests (over 200k/day per replica)                 not found                                  
                                                                                                    
 azurerm_app_configuration.base["standard.replicas.3"]                                              
 ├─ Instance (3 replicas)                                         30  days             not found    
 └─ Requests (over 200k/day per replica)                 not found                                  
                                                                                                    
 azurerm_app_configuration.usage["standard.replicas.0"]                                             
 ├─ Instance                                                      30  days             not found    
 └─ Requests (over 200k/day per replica)                           3  10k requests     not found  * 
                                                                                                    
 azurerm_app_configuration.usage["standard.replicas.1"]                                             
 ├─ Instance (1 replica)                                          30  days             not found    
 └─ Requests (over 200k/day per replica)                           3  10k requests     not found  * 
                                                                                                    
 azurerm_app_configuration.usage["standard.replicas.3"]                                             
 ├─ Instance (3 replicas)                                         30  days             not found    
 └─ Requests (over 200k/day per replica)                           3  10k requests     not found  * 
                                                                                                    
 OVERALL TOTAL                                                                             $0.00 

*Usage costs can be estimated by updating C3X Cloud settings, see docs for other options.

──────────────────────────────────
19 cloud resources were detected:
∙ 6 were estimated
∙ 13 were free

┏━━━━━━━━━━━━━━━━━━━━━━━━━━━━━━━━━━━━━━━━━━━━━━━━━━━━┳━━━━━━━━━━━━━━━┳━━━━━━━━━━━━━┳━━━━━━━━━━━━┓
┃ Project                                            ┃ Baseline cost ┃ Usage cost* ┃ Total cost ┃
┣━━━━━━━━━━━━━━━━━━━━━━━━━━━━━━━━━━━━━━━━━━━━━━━━━━━━╋━━━━━━━━━━━━━━━╋━━━━━━━━━━━━━╋━━━━━━━━━━━━┫
┃ main                                               ┃         $0.00 ┃           - ┃      $0.00 ┃
┗━━━━━━━━━━━━━━━━━━━━━━━━━━━━━━━━━━━━━━━━━━━━━━━━━━━━┻━━━━━━━━━━━━━━━┻━━━━━━━━━━━━━┻━━━━━━━━━━━━┛