
 Name                                                             Monthly Qty  Unit                  Monthly Cost   
                                                                                                                    
 azurerm_synapse_workspace.dataflows                                                                                
 ├─ Serverless SQL pool size                                 not found                                              
 ├─ Data flow (basic)                                                       8  vCore-hours                  $2.14   
 ├─ Data flow (standard)                                                   12  vCore-hours                  $4.14   
 ├─ Data pipeline azure hosted activity runs                 not found                                              
 ├─ Data pipeline azure hosted data integration units        not found                                              
 ├─ Data pipeline azure hosted integration runtime           not found                                              
 ├─ Data pipeline azure hosted external integration runtime  not found                                              
 ├─ Data pipeline self hosted activity runs                  not found                                              
 ├─ Data pipeline self hosted data movement                  not found                                              
 ├─ Data pipeline self hosted integration runtime            not found                                              
 └─ Data pipeline self hosted external integration runtime   not found                                              
                                                                                                                    
 azurerm_synapse_workspace.datapipelines                                                                            
 ├─ Serverless SQL pool size                                 not found                                              
 ├─ Data flow (basic)                                        Monthly cost depends on usage: $0.27 per vCore-hours   
 ├─ Data flow (standard)                                     Monthly cost depends on usage: $0.35 per vCore-hours   
 ├─ Data pipeline azure hosted activity runs                                3  1k activity runs         not found   
 ├─ Data pipeline azure hosted data integration units                      31  DIU-hours                not found   
 ├─ Data pipeline azure hosted integration runtime                        200  hours                    not found   
 ├─ Data pipeline azure hosted external integration runtime             4,000  hours                    not found   
 ├─ Data pipeline self hosted activity runs                                 1  1k activity runs         not found   
 ├─ Data pipeline self hosted data movement                                10  hours                    not found   
 ├─ Data pipeline self hosted integration runtime                         200  hours                    not found   
 └─ Data pipeline self hosted external integration runtime              4,000  hours                    not found   
                                                                                                                    
 azurerm_synapse_workspace.general                                                                                  
 ├─ Serverless SQL pool size                                               11  TB                       not found   
 ├─ Data flow (basic)                                        Monthly cost depends on usage: $0.27 per vCore-hours   
 ├─ Data flow (standard)                                     Monthly cost depends on usage: $0.35 per vCore-hours   
 ├─ Data pipeline azure hosted activity runs                 not found                                              
 ├─ Data pipeline azure hosted data integration units        not found                                              
 ├─ Data pipeline azure hosted integration runtime           not found                                              
 ├─ Data pipeline azure hosted external integration runtime  not found                                              
 ├─ Data pipeline self hosted activity runs                  not found                                              
 ├─ Data pipeline self hosted data movement                  not found                                              
 ├─ Data pipeline self hosted integration runtime            not found                                              
 └─ Data pipeline self hosted external integration runtime   not found                                              
                                                                                                                    
 azurerm_synapse_workspace.vnet                                                                                     
 ├─ Serverless SQL pool size                                               10  TB                       not found   
 ├─ Data flow (basic)                                        Monthly cost depends on usage: $0.27 per vCore-hours   
 ├─ Data flow (standard)                                     Monthly cost depends on usage: $0.35 per vCore-hours   
 ├─ Data pipeline azure hosted activity runs                 not found                                              
 ├─ Data pipeline azure hosted data integration units        not found                                              
 ├─ Data pipeline azure hosted integration runtime           not found                                              
 ├─ Data pipeline azure hosted external integration runtime  not found                                              
 ├─ Data pipeline self hosted activity runs                  not found                                              
 ├─ Data pipeline self hosted data movement                  not found                                              
 ├─ Data pipeline self hosted integration runtime            not found                                              
 └─ Data pipeline self hosted external integration runtime   not found                                              
                                                                                                                    
 azurerm_storage_account.example                                                                                    
 └─ Early deletion                                           Monthly cost depends on usage: $0.01 per GB            
                                                                                                                    
 OVERALL TOTAL                                                                                             $6.28 

*Usage costs can be estimated by updating C3X Cloud settings, see docs for other options.

──────────────────────────────────
7 cloud resources were detected:
∙ 5 were estimated
∙ 2 were free

┏━━━━━━━━━━━━━━━━━━━━━━━━━━━━━━━━━━━━━━━━━━━━━━━━━━━━┳━━━━━━━━━━━━━━━┳━━━━━━━━━━━━━┳━━━━━━━━━━━━┓
┃ Project                                            ┃ Baseline cost ┃ Usage cost* ┃ Total cost ┃
┣━━━━━━━━━━━━━━━━━━━━━━━━━━━━━━━━━━━━━━━━━━━━━━━━━━━━╋━━━━━━━━━━━━━━━╋━━━━━━━━━━━━━╋━━━━━━━━━━━━┫
┃ main                                               ┃            $6 ┃           - ┃         $6 ┃
┗━━━━━━━━━━━━━━━━━━━━━━━━━━━━━━━━━━━━━━━━━━━━━━━━━━━━┻━━━━━━━━━━━━━━━┻━━━━━━━━━━━━━┻━━━━━━━━━━━━┛