c3x: --verbose
c3x comment: 
c3x comment azuredevops: --base-url --baseline --comment-tag --expand --offline --org --path --pr --project --recreate --repo --strict --token --var --var-file
c3x comment bitbucket: --base-url --baseline --comment-tag --expand --offline --path --pr --recreate --repo --strict --token --user --var --var-file --workspace
c3x comment github: --baseline --comment-tag --expand --offline --owner --path --pr --recreate --repo --strict --token --var --var-file
c3x comment gitlab: --base-url --baseline --comment-tag --expand --mr --offline --path --project --recreate --strict --token --var --var-file
c3x configure: --non-interactive
c3x diff: --baseline --budget-delta --cache-path --format --no-cache --offline --path --pricing-endpoint --pricing-token --region --strict --var --var-file
c3x doctor: --quiet
c3x estimate: --allow-file-functions --budget --cache-path --currency --format --inline-demo --no-cache --no-remote-modules --offline --path --pricing-endpoint --pricing-token --region --save-baseline --show-delta --show-skipped --strict --usage --var --var-file --what-if
c3x policy: 
c3x policy eval: --baseline --estimate --offline --path --policy --var --var-file
c3x pricing: 
c3x pricing clear: --cache-path
c3x pricing stats: --cache-path
c3x pricing sync: --cache-path --concurrency --pricing-endpoint --pricing-token --providers --regions
c3x pricing where: --cache-path
c3x recommend: --cache-path --format --no-cache --offline --path --pricing-endpoint --pricing-token --region --usage --var --var-file --what-if
c3x supported-resources: --format --provider --status
c3x top: --cache-path --format --limit --no-cache --offline --path --pricing-endpoint --pricing-token --region --var --var-file
c3x version: 
